Microchip MPLAB XC8 Compiler V2.31

Linker command line:

-W-3 --edf=/opt/microchip/xc8/v2.31/pic/dat/en_msgs.txt -cn \
  -h+dist/default/production/DHT11Project.X.production.sym \
  --cmf=dist/default/production/DHT11Project.X.production.cmf -z -Q18F4553 \
  -o/tmp/xcXEHeJPf --defsym=__MPLAB_BUILD=1 \
  -Mdist/default/production/DHT11Project.X.production.map -E1 \
  -ver=XC8 Compiler --acfsm=1493 -ASTACK=0350h-07FFh -pstack=STACK \
  -ACODE=00h-07FFFh -ACONST=00h-07FFFh -ASMALLCONST=0800h-08FFhx120 \
  -AMEDIUMCONST=0800h-07FFFh -ACOMRAM=01h-05Fh -AABS1=00h-07FFh \
  -ABIGRAM=01h-07FFh -ARAM=060h-0FFh,0100h-01FFhx7 -ABANK0=060h-0FFh \
  -ABANK1=0100h-01FFh -ABANK2=0200h-02FFh -ABANK3=0300h-03FFh \
  -ABANK4=0400h-04FFh -ABANK5=0500h-05FFh -ABANK6=0600h-06FFh \
  -ABANK7=0700h-07FFh -ASFR=0F60h-0FFFh -ACONFIG=0300000h-030000Dh \
  -AIDLOC=0200000h-0200007h -AEEDATA=0F00000h-0F000FFh -peeprom_data=EEDATA \
  -preset_vec=00h,intcode=08h,intcodelo,powerup,init -pramtop=0800h \
  -psmallconst=SMALLCONST -pmediumconst=MEDIUMCONST -pconst=CONST \
  -AFARRAM=00h-00h \
  -prdata=COMRAM,nvrram=COMRAM,nvbit=COMRAM,rbss=COMRAM,rbit=COMRAM \
  -pfarbss=FARRAM,fardata=FARRAM,nvFARRAM=FARRAM \
  -pintsave_regs=BIGRAM,bigbss=BIGRAM,bigdata=BIGRAM -pbss=RAM \
  -pidata=CODE,irdata=CODE,ibigdata=CODE,ifardata=CODE -prparam=COMRAM \
  /tmp/xcXfjOhgN.o dist/default/production/DHT11Project.X.production.o 

Object code version is 3.11

Machine type is 18F4553



                Name                               Link     Load   Length Selector   Space Scale
/tmp/xcXfjOhgN.o
                idloc                            200000   200000        8        0       5
                config                           300000   300000        E        0       4
                init                                  E        E        4        4       0
                reset_vec                             0        0        4        0       0
dist/default/production/DHT11Project.X.production.o
                intcode                               8        8        6        4       0
                idloc                            200000   200000        8        0       5
                config                           300000   300000        E        0       4
                temp                                 5D       5D        1        1       1
                smallconst                          800      800       58      400       0
                intcode_body                       3802     3802       4C      42C       0
                text39                             3AD8     3AD8       1A      42C       0
                text38                             37B6     37B6       4C      42C       0
                text37                             3768     3768       4E      42C       0
                text36                             2E68     2E68      11A      42C       0
                text35                             33A4     33A4       C0      42C       0
                text34                             3A7A     3A7A       38      42C       0
                text33                             3AF2     3AF2       16      42C       0
                text32                             3894     3894       46      42C       0
                text31                             384E     384E       46      42C       0
                text30                             2B8E     2B8E      176      42C       0
                text29                             3AB2     3AB2       26      42C       0
                text28                             3A42     3A42       38      42C       0
                text27                             3716     3716       52      42C       0
                text26                             24A2     24A2      1F8      42C       0
                text25                             3B18     3B18        2     1D8C       0
                text24                             3218     3218       CA      42C       0
                text23                             3072     3072       D6      42C       0
                text22                             2884     2884      188      42C       0
                text21                             2D04     2D04      164      42C       0
                text20                             391E     391E       40      42C       0
                text19                             38DA     38DA       44      42C       0
                text18                             32E2     32E2       C2      42C       0
                text17                             1AA2     1AA2      2DE      42C       0
                text16                             269A     269A      1EA      42C       0
                text15                             2A0C     2A0C      182      42C       0
                text14                             2F82     2F82       F0      42C       0
                text13                             3148     3148       D0      42C       0
                text12                             22A2     22A2      200      42C       0
                text11                             395E     395E       3C      42C       0
                text10                             3A0A     3A0A       38      42C       0
                text9                              39D2     39D2       38      42C       0
                text8                              3666     3666       5E      42C       0
                text7                              1D80     1D80      2D4      42C       0
                text6                               858      858     124A      42C       0
                text5                              35A6     35A6       62      42C       0
                text4                              36C4     36C4       52      42C       0
                text3                              2054     2054      24E      42C       0
                text2                              399A     399A       38      42C       0
                text1                              3516     3516       90      42C       0
                text0                              3464     3464       B2      42C       0
                cstackCOMRAM                          1        1       5A        1       1
                cstackBANK0                          B9       B9       38       60       1
                bssBIGRAM                           150      150      200      150       1
                bssBANK1                            100      100       50      100       1
                dataBANK0                            F1       F1        F       60       1
                bssBANK0                             60       60       59       60       1
                bssCOMRAM                            5B       5B        2        1       1
                cinit                              3608     3608       5E      42C       0
                idataBANK0                         3B08     3B08        F      42C       0

TOTAL           Name                               Link     Load   Length     Space
        CLASS   STACK          

        CLASS   CODE           
                intcode                               8        8        6         0
                init                                  E        E        4         0
                reset_vec                             0        0        4         0
                intcode_body                       3802     3802       4C         0
                text39                             3AD8     3AD8       1A         0
                text38                             37B6     37B6       4C         0
                text37                             3768     3768       4E         0
                text36                             2E68     2E68      11A         0
                text35                             33A4     33A4       C0         0
                text34                             3A7A     3A7A       38         0
                text33                             3AF2     3AF2       16         0
                text32                             3894     3894       46         0
                text31                             384E     384E       46         0
                text30                             2B8E     2B8E      176         0
                text29                             3AB2     3AB2       26         0
                text28                             3A42     3A42       38         0
                text27                             3716     3716       52         0
                text26                             24A2     24A2      1F8         0
                text25                             3B18     3B18        2         0
                text24                             3218     3218       CA         0
                text23                             3072     3072       D6         0
                text22                             2884     2884      188         0
                text21                             2D04     2D04      164         0
                text20                             391E     391E       40         0
                text19                             38DA     38DA       44         0
                text18                             32E2     32E2       C2         0
                text17                             1AA2     1AA2      2DE         0
                text16                             269A     269A      1EA         0
                text15                             2A0C     2A0C      182         0
                text14                             2F82     2F82       F0         0
                text13                             3148     3148       D0         0
                text12                             22A2     22A2      200         0
                text11                             395E     395E       3C         0
                text10                             3A0A     3A0A       38         0
                text9                              39D2     39D2       38         0
                text8                              3666     3666       5E         0
                text7                              1D80     1D80      2D4         0
                text6                               858      858     124A         0
                text5                              35A6     35A6       62         0
                text4                              36C4     36C4       52         0
                text3                              2054     2054      24E         0
                text2                              399A     399A       38         0
                text1                              3516     3516       90         0
                text0                              3464     3464       B2         0
                cinit                              3608     3608       5E         0
                idataBANK0                         3B08     3B08        F         0

        CLASS   CONST          

        CLASS   SMALLCONST     
                smallconst                          800      800       58         0

        CLASS   MEDIUMCONST    

        CLASS   COMRAM         
                temp                                 5D       5D        1         1
                cstackCOMRAM                          1        1       5A         1
                bssCOMRAM                            5B       5B        2         1

        CLASS   ABS1           

        CLASS   BIGRAM         
                bssBIGRAM                           150      150      200         1

        CLASS   RAM            

        CLASS   BANK0          
                cstackBANK0                          B9       B9       38         1
                dataBANK0                            F1       F1        F         1
                bssBANK0                             60       60       59         1

        CLASS   BANK1          
                bssBANK1                            100      100       50         1

        CLASS   BANK2          

        CLASS   BANK3          

        CLASS   BANK4          

        CLASS   BANK5          

        CLASS   BANK6          

        CLASS   BANK7          

        CLASS   SFR            

        CLASS   CONFIG         
                config                           300000   300000        E         4

        CLASS   IDLOC          
                idloc                            200000   200000        8         5

        CLASS   EEDATA         

        CLASS   FARRAM         



SEGMENTS        Name                           Load    Length   Top    Selector   Space  Class

                bssBANK1                       000100  000050  000150       100       1  BANK1   
                bssBANK0                       000060  0000A0  000100        60       1  BANK0   
                text6                          000858  0032BF  003B17       42C       0  CODE    
                text25                         003B18  000002  003B1A      1D8C       0  CODE    
                bssBIGRAM                      000150  000200  000350       150       1  BIGRAM  
                cstackCOMRAM                   000001  00005D  00005E         1       1  COMRAM  
                smallconst                     000800  000058  000858       400       0  SMALLCON
                intcode                        000008  00000A  000012         4       0  CODE    
                reset_vec                      000000  000004  000004         0       0  CODE    


UNUSED ADDRESS RANGES

        Name                Unused          Largest block    Delta
        BANK3            000350-0003FF               B0
        BANK4            000400-0004FF              100
        BANK5            000500-0005FF              100
        BANK6            000600-0006FF              100
        BANK7            000700-0007FF              100
        BIGRAM           00005E-00005F                2
                         000350-0007FF              4B0
        CODE             000004-000007                4
                         000012-0007FF              7EE
                         003B17-003B17                1
                         003B1A-007FFF             44E6
        COMRAM           00005E-00005F                2
        CONST            000004-000007                4
                         000012-0007FF              7EE
                         003B17-003B17                1
                         003B1A-007FFF             44E6
        EEDATA           F00000-F000FF              100
        MEDIUMCONST      003B17-003B17                1
                         003B1A-007FFF             44E6
        RAM              000350-0007FF              100
        SFR              000F60-000FFF               A0
        SMALLCONST       003B17-003B17                1
                         003B1A-007FFF              100
        STACK            000350-0007FF              4B0

                                  Symbol Table

?___aodiv                  cstackCOMRAM 000003
?___aomod                  cstackCOMRAM 000003
?___lodiv                  cstackCOMRAM 000003
?___lomod                  cstackCOMRAM 000003
?___wmul                   cstackCOMRAM 000003
?_abs                      cstackCOMRAM 000015
?_atoi                     cstackCOMRAM 00000A
?_ctoa                     cstackCOMRAM 00000C
?_dht_read_bit             cstackCOMRAM 000003
?_dtoa                     cstackCOMRAM 00001E
?_isalpha                  cstackCOMRAM 000003
?_isdigit                  cstackCOMRAM 000003
?_islower                  cstackCOMRAM 000003
?_isspace                  cstackCOMRAM 000003
?_isupper                  cstackCOMRAM 000003
?_otoa                     cstackCOMRAM 00001E
?_pad                      cstackCOMRAM 000013
?_sprintf                  cstackBANK0  0000D4
?_stoa                     cstackCOMRAM 00000C
?_strchr                   cstackCOMRAM 000003
?_strlen                   cstackCOMRAM 000003
?_strncmp                  cstackCOMRAM 000003
?_strstr                   cstackCOMRAM 00000E
?_toupper                  cstackCOMRAM 000009
?_utoa                     cstackCOMRAM 00001E
?_vfpfcnvrt                cstackCOMRAM 000045
?_vfprintf                 cstackCOMRAM 00004F
?_xtoa                     cstackCOMRAM 00001E
USART_SendChar@data        cstackCOMRAM 000003
USART_SendString@data      cstackCOMRAM 000007
USART_SendString@index     cstackCOMRAM 00000B
_CREN                      (abs)        007D5C
_INTCONbits                (abs)        000FF2
_LATD                      (abs)        000F8C
_LATDbits                  (abs)        000F8C
_PIE1bits                  (abs)        000F9D
_PORTDbits                 (abs)        000F83
_RCIF                      (abs)        007CF5
_RCREG                     (abs)        000FAE
_RCSTAbits                 (abs)        000FAB
_SPBRG                     (abs)        000FAF
_TRISC6                    (abs)        007CA6
_TRISC7                    (abs)        007CA7
_TRISD                     (abs)        000F95
_TXIF                      (abs)        007CF4
_TXREG                     (abs)        000FAD
_TXSTAbits                 (abs)        000FAC
_USART_Init                text39       003AD8
_USART_SendChar            text33       003AF2
_USART_SendString          text32       003894
__HRAM                     (abs)        000000
__Habs1                    abs1         000000
__Hbank0                   bank0        000000
__Hbank1                   bank1        000000
__Hbank2                   bank2        000000
__Hbank3                   bank3        000000
__Hbank4                   bank4        000000
__Hbank5                   bank5        000000
__Hbank6                   bank6        000000
__Hbank7                   bank7        000000
__Hbigbss                  bigbss       000000
__Hbigdata                 bigdata      000000
__Hbigram                  bigram       000000
__Hbss                     bss          000000
__HbssBANK0                bssBANK0     000000
__HbssBANK1                bssBANK1     000000
__HbssBIGRAM               bssBIGRAM    000000
__HbssCOMRAM               bssCOMRAM    000000
__Hcinit                   cinit        000000
__Hclrtext                 clrtext      000000
__Hcomram                  comram       000000
__Hconfig                  config       30000E
__Hconst                   const        000000
__HcstackBANK0             cstackBANK0  000000
__HcstackCOMRAM            cstackCOMRAM 000000
__Hdata                    data         000000
__HdataBANK0               dataBANK0    000000
__Heeprom_data             eeprom_data  000000
__Hfarbss                  farbss       000000
__Hfardata                 fardata      000000
__Hibigdata                ibigdata     000000
__Hidata                   idata        000000
__HidataBANK0              idataBANK0   000000
__Hidloc                   idloc        200008
__Hifardata                ifardata     000000
__Hinit                    init         000012
__Hintcode                 intcode      00000E
__Hintcode_body            intcode_body 000000
__Hintcodelo               intcodelo    00000E
__Hintentry                intentry     000000
__Hintret                  intret       000000
__Hintsave_regs            intsave_regs 000000
__Hirdata                  irdata       000000
__Hmediumconst             mediumconst  000000
__HnvFARRAM                nvFARRAM     000000
__Hnvbit                   nvbit        000000
__Hnvrram                  nvrram       000000
__Hparam                   rparam       000000
__Hpowerup                 powerup      00000E
__Hram                     ram          000000
__Hramtop                  ramtop       000800
__Hrbit                    rbit         000000
__Hrbss                    rbss         000000
__Hrdata                   rdata        000000
__Hreset_vec               reset_vec    000004
__Hrparam                  rparam       000000
__Hsfr                     sfr          000000
__Hsmallconst              smallconst   000858
__Hspace_0                 (abs)        003B1A
__Hspace_1                 (abs)        000350
__Hspace_2                 (abs)        000000
__Hspace_4                 (abs)        60000E
__Hstack                   stack        000000
__Hstruct                  struct       000000
__Htemp                    temp         00005E
__Htext                    text         000000
__Htext0                   text0        000000
__Htext1                   text1        000000
__Htext10                  text10       000000
__Htext11                  text11       000000
__Htext12                  text12       000000
__Htext13                  text13       000000
__Htext14                  text14       000000
__Htext15                  text15       000000
__Htext16                  text16       000000
__Htext17                  text17       000000
__Htext18                  text18       000000
__Htext19                  text19       000000
__Htext2                   text2        000000
__Htext20                  text20       000000
__Htext21                  text21       000000
__Htext22                  text22       000000
__Htext23                  text23       000000
__Htext24                  text24       000000
__Htext25                  text25       000000
__Htext26                  text26       000000
__Htext27                  text27       000000
__Htext28                  text28       000000
__Htext29                  text29       000000
__Htext3                   text3        000000
__Htext30                  text30       000000
__Htext31                  text31       000000
__Htext32                  text32       000000
__Htext33                  text33       000000
__Htext34                  text34       000000
__Htext35                  text35       000000
__Htext36                  text36       000000
__Htext37                  text37       000000
__Htext38                  text38       000000
__Htext39                  text39       000000
__Htext4                   text4        000000
__Htext5                   text5        000000
__Htext6                   text6        000000
__Htext7                   text7        000000
__Htext8                   text8        000000
__Htext9                   text9        000000
__LRAM                     (abs)        000001
__Labs1                    abs1         000000
__Lbank0                   bank0        000000
__Lbank1                   bank1        000000
__Lbank2                   bank2        000000
__Lbank3                   bank3        000000
__Lbank4                   bank4        000000
__Lbank5                   bank5        000000
__Lbank6                   bank6        000000
__Lbank7                   bank7        000000
__Lbigbss                  bigbss       000000
__Lbigdata                 bigdata      000000
__Lbigram                  bigram       000000
__Lbss                     bss          000000
__LbssBANK0                bssBANK0     000000
__LbssBANK1                bssBANK1     000000
__LbssBIGRAM               bssBIGRAM    000000
__LbssCOMRAM               bssCOMRAM    000000
__Lcinit                   cinit        000000
__Lclrtext                 clrtext      000000
__Lcomram                  comram       000000
__Lconfig                  config       000000
__Lconst                   const        000000
__LcstackBANK0             cstackBANK0  000000
__LcstackCOMRAM            cstackCOMRAM 000000
__Ldata                    data         000000
__LdataBANK0               dataBANK0    000000
__Leeprom_data             eeprom_data  000000
__Lfarbss                  farbss       000000
__Lfardata                 fardata      000000
__Libigdata                ibigdata     000000
__Lidata                   idata        000000
__LidataBANK0              idataBANK0   000000
__Lidloc                   idloc        000000
__Lifardata                ifardata     000000
__Linit                    init         00000E
__Lintcode                 intcode      000008
__Lintcode_body            intcode_body 000000
__Lintcodelo               intcodelo    00000E
__Lintentry                intentry     000000
__Lintret                  intret       000000
__Lintsave_regs            intsave_regs 000000
__Lirdata                  irdata       000000
__Lmediumconst             mediumconst  000000
__LnvFARRAM                nvFARRAM     000000
__Lnvbit                   nvbit        000000
__Lnvrram                  nvrram       000000
__Lparam                   rparam       000000
__Lpowerup                 powerup      00000E
__Lram                     ram          000000
__Lramtop                  ramtop       000800
__Lrbit                    rbit         000000
__Lrbss                    rbss         000000
__Lrdata                   rdata        000000
__Lreset_vec               reset_vec    000000
__Lrparam                  rparam       000000
__Lsfr                     sfr          000000
__Lsmallconst              smallconst   000800
__Lspace_0                 (abs)        000000
__Lspace_1                 (abs)        000000
__Lspace_2                 (abs)        000000
__Lspace_4                 (abs)        000000
__Lstack                   stack        000000
__Lstruct                  struct       000000
__Ltemp                    temp         00005D
__Ltext                    text         000000
__Ltext0                   text0        000000
__Ltext1                   text1        000000
__Ltext10                  text10       000000
__Ltext11                  text11       000000
__Ltext12                  text12       000000
__Ltext13                  text13       000000
__Ltext14                  text14       000000
__Ltext15                  text15       000000
__Ltext16                  text16       000000
__Ltext17                  text17       000000
__Ltext18                  text18       000000
__Ltext19                  text19       000000
__Ltext2                   text2        000000
__Ltext20                  text20       000000
__Ltext21                  text21       000000
__Ltext22                  text22       000000
__Ltext23                  text23       000000
__Ltext24                  text24       000000
__Ltext25                  text25       000000
__Ltext26                  text26       000000
__Ltext27                  text27       000000
__Ltext28                  text28       000000
__Ltext29                  text29       000000
__Ltext3                   text3        000000
__Ltext30                  text30       000000
__Ltext31                  text31       000000
__Ltext32                  text32       000000
__Ltext33                  text33       000000
__Ltext34                  text34       000000
__Ltext35                  text35       000000
__Ltext36                  text36       000000
__Ltext37                  text37       000000
__Ltext38                  text38       000000
__Ltext39                  text39       000000
__Ltext4                   text4        000000
__Ltext5                   text5        000000
__Ltext6                   text6        000000
__Ltext7                   text7        000000
__Ltext8                   text8        000000
__Ltext9                   text9        000000
__S0                       (abs)        003B1A
__S1                       (abs)        000350
__S2                       (abs)        000000
__S4                       (abs)        000000
__S5                       (abs)        000000
___aodiv                   text22       002884
___aodiv@counter           cstackCOMRAM 000013
___aodiv@dividend          cstackCOMRAM 000003
___aodiv@divisor           cstackCOMRAM 00000B
___aodiv@quotient          cstackCOMRAM 000015
___aodiv@sign              cstackCOMRAM 000014
___aomod                   text21       002D04
___aomod@counter           cstackCOMRAM 000013
___aomod@dividend          cstackCOMRAM 000003
___aomod@divisor           cstackCOMRAM 00000B
___aomod@sign              cstackCOMRAM 000014
___inthi_sp                stack        000000
___intlo_sp                stack        000000
___lodiv                   text14       002F82
___lodiv@counter           cstackCOMRAM 00001B
___lodiv@dividend          cstackCOMRAM 000003
___lodiv@divisor           cstackCOMRAM 00000B
___lodiv@quotient          cstackCOMRAM 000013
___lomod                   text13       003148
___lomod@counter           cstackCOMRAM 000013
___lomod@dividend          cstackCOMRAM 000003
___lomod@divisor           cstackCOMRAM 00000B
___param_bank              (abs)        000000
___rparam_used             (abs)        000001
___sp                      stack        000000
___wmul                    text29       003AB2
___wmul@multiplicand       cstackCOMRAM 000005
___wmul@multiplier         cstackCOMRAM 000003
___wmul@product            cstackCOMRAM 000007
__accesstop                (abs)        000060
__activetblptr             (abs)        000002
__end_of_USART_Init        text39       003AF2
__end_of_USART_SendChar    text33       003B08
__end_of_USART_SendString  text32       0038DA
__end_of___aodiv           text22       002A0C
__end_of___aomod           text21       002E68
__end_of___lodiv           text14       003072
__end_of___lomod           text13       003218
__end_of___wmul            text29       003AD8
__end_of__initialization   cinit        003658
__end_of_abs               text20       00395E
__end_of_atoi              text26       00269A
__end_of_ctoa              text23       003148
__end_of_data_received     text34       003AB2
__end_of_dht_read          text3        0022A2
__end_of_dht_read_bit      text31       003894
__end_of_dtoa              text17       001D80
__end_of_fputc             text24       0032E2
__end_of_fputs             text19       00391E
__end_of_get_action        text1        0035A6
__end_of_is_command        text2        0039D2
__end_of_isalpha           text11       00399A
__end_of_isdigit           text28       003A7A
__end_of_islower           text9        003A0A
__end_of_isr               intcode_body 00384E
__end_of_isspace           text27       003768
__end_of_isupper           text10       003A42
__end_of_main              text0        003516
__end_of_memset            text30       002D04
__end_of_otoa              text16       002884
__end_of_pad               text18       0033A4
__end_of_putch             text25       003B1A
__end_of_sprintf           text4        003716
__end_of_stoa              text15       002B8E
__end_of_strchr            text38       003802
__end_of_strlen            text37       0037B6
__end_of_strncmp           text36       002F82
__end_of_strstr            text35       003464
__end_of_toupper           text8        0036C4
__end_of_utoa              text12       0024A2
__end_of_vfpfcnvrt         text6        001AA2
__end_of_vfprintf          text5        003608
__end_of_xtoa              text7        002054
__initialization           cinit        003608
__mediumconst              mediumconst  000000
__pbssBANK0                bssBANK0     000060
__pbssBANK1                bssBANK1     000100
__pbssBIGRAM               bssBIGRAM    000150
__pbssCOMRAM               bssCOMRAM    00005B
__pcinit                   cinit        003608
__pcstackBANK0             cstackBANK0  0000B9
__pcstackCOMRAM            cstackCOMRAM 000001
__pdataBANK0               dataBANK0    0000F1
__pidataBANK0              idataBANK0   003B08
__pintcode                 intcode      000008
__pintcode_body            intcode_body 003802
__psmallconst              smallconst   000800
__ptext0                   text0        003464
__ptext1                   text1        003516
__ptext10                  text10       003A0A
__ptext11                  text11       00395E
__ptext12                  text12       0022A2
__ptext13                  text13       003148
__ptext14                  text14       002F82
__ptext15                  text15       002A0C
__ptext16                  text16       00269A
__ptext17                  text17       001AA2
__ptext18                  text18       0032E2
__ptext19                  text19       0038DA
__ptext2                   text2        00399A
__ptext20                  text20       00391E
__ptext21                  text21       002D04
__ptext22                  text22       002884
__ptext23                  text23       003072
__ptext24                  text24       003218
__ptext25                  text25       003B18
__ptext26                  text26       0024A2
__ptext27                  text27       003716
__ptext28                  text28       003A42
__ptext29                  text29       003AB2
__ptext3                   text3        002054
__ptext30                  text30       002B8E
__ptext31                  text31       00384E
__ptext32                  text32       003894
__ptext33                  text33       003AF2
__ptext34                  text34       003A7A
__ptext35                  text35       0033A4
__ptext36                  text36       002E68
__ptext37                  text37       003768
__ptext38                  text38       0037B6
__ptext39                  text39       003AD8
__ptext4                   text4        0036C4
__ptext5                   text5        0035A6
__ptext6                   text6        000858
__ptext7                   text7        001D80
__ptext8                   text8        003666
__ptext9                   text9        0039D2
__ramtop                   ramtop       000800
__size_of_USART_Init       (abs)        000000
__size_of_USART_SendChar   (abs)        000000
__size_of_USART_SendString (abs)        000000
__size_of___aodiv          (abs)        000000
__size_of___aomod          (abs)        000000
__size_of___lodiv          (abs)        000000
__size_of___lomod          (abs)        000000
__size_of___wmul           (abs)        000000
__size_of_abs              (abs)        000000
__size_of_atoi             (abs)        000000
__size_of_ctoa             (abs)        000000
__size_of_data_received    (abs)        000000
__size_of_dht_read         (abs)        000000
__size_of_dht_read_bit     (abs)        000000
__size_of_dtoa             (abs)        000000
__size_of_fputc            (abs)        000000
__size_of_fputs            (abs)        000000
__size_of_get_action       (abs)        000000
__size_of_is_command       (abs)        000000
__size_of_isalpha          (abs)        000000
__size_of_isdigit          (abs)        000000
__size_of_islower          (abs)        000000
__size_of_isr              (abs)        000000
__size_of_isspace          (abs)        000000
__size_of_isupper          (abs)        000000
__size_of_main             (abs)        000000
__size_of_memset           (abs)        000000
__size_of_otoa             (abs)        000000
__size_of_pad              (abs)        000000
__size_of_putch            (abs)        000000
__size_of_sprintf          (abs)        000000
__size_of_stoa             (abs)        000000
__size_of_strchr           (abs)        000000
__size_of_strlen           (abs)        000000
__size_of_strncmp          (abs)        000000
__size_of_strstr           (abs)        000000
__size_of_toupper          (abs)        000000
__size_of_utoa             (abs)        000000
__size_of_vfpfcnvrt        (abs)        000000
__size_of_vfprintf         (abs)        000000
__size_of_xtoa             (abs)        000000
__smallconst               smallconst   000800
_abs                       text20       00391E
_atoi                      text26       0024A2
_atoi$930                  cstackCOMRAM 000012
_atoi$931                  cstackCOMRAM 000016
_atoi$932                  cstackCOMRAM 000014
_ctoa                      text23       003072
_data_in                   bssBIGRAM    000150
_data_out                  bssBANK0     000067
_data_received             text34       003A7A
_dbuf                      bssBANK0     000099
_dht_raw_data              bssBANK1     000100
_dht_read                  text3        002054
_dht_read_bit              text31       00384E
_dtoa                      text17       001AA2
_dtoa$1057                 cstackCOMRAM 000030
_flags                     bssCOMRAM    00005B
_fputc                     text24       003218
_fputs                     text19       0038DA
_get_action                text1        003516
_is_command                text2        00399A
_isalpha                   text11       00395E
_isdigit                   text28       003A42
_islower                   text9        0039D2
_isr                       intcode      000008
_isspace                   text27       003716
_isspace$948               cstackCOMRAM 000009
_isupper                   text10       003A0A
_main                      text0        003464
_memset                    text30       002B8E
_nout                      bssBANK0     000060
_otoa                      text16       00269A
_pad                       text18       0032E2
_position                  bssBANK0     000066
_prec                      bssBANK0     000064
_putch                     text25       003B18
_sprintf                   text4        0036C4
_stoa                      text15       002A0C
_strchr                    text38       0037B6
_strlen                    text37       003768
_strncmp                   text36       002E68
_strstr                    text35       0033A4
_toupper                   text8        003666
_toupper$1303              cstackCOMRAM 00000F
_utoa                      text12       0022A2
_vfpfcnvrt                 text6        000858
_vfpfcnvrt$1108            cstackBANK0  0000BD
_vfpfcnvrt$1109            cstackBANK0  0000BF
_vfprintf                  text5        0035A6
_width                     bssBANK0     000062
_xtoa                      text7        001D80
_xtoa$1093                 cstackCOMRAM 000031
_xtoa$1094                 cstackCOMRAM 000033
abs@a                      cstackCOMRAM 000015
atoi@n                     cstackCOMRAM 000017
atoi@neg                   cstackCOMRAM 000010
atoi@s                     cstackCOMRAM 00000A
btemp                      temp         00005D
ctoa@c                     cstackCOMRAM 00000E
ctoa@fp                    cstackCOMRAM 00000C
ctoa@l                     cstackCOMRAM 000010
ctoa@w                     cstackCOMRAM 000012
data_received@ptr          cstackCOMRAM 000014
dht_read@bit_index         cstackBANK0  0000ED
dht_read@bit_position      cstackBANK0  0000E8
dht_read@index             cstackBANK0  0000EA
dht_read@mask              cstackBANK0  0000EB
dht_read@relative_humidity cstackBANK0  0000E4
dht_read@temperature       cstackBANK0  0000E6
dtoa@d                     cstackCOMRAM 000020
dtoa@fp                    cstackCOMRAM 00001E
dtoa@i                     cstackCOMRAM 000040
dtoa@n                     cstackCOMRAM 000038
dtoa@p                     cstackCOMRAM 000032
dtoa@s                     cstackCOMRAM 000036
dtoa@w                     cstackCOMRAM 000034
end_of_initialization      cinit        003658
fputc@c                    cstackCOMRAM 000003
fputc@fp                   cstackCOMRAM 000005
fputs@c                    cstackCOMRAM 000010
fputs@fp                   cstackCOMRAM 00000E
fputs@i                    cstackCOMRAM 000011
fputs@s                    cstackCOMRAM 00000C
get_action@str_value       cstackCOMRAM 000019
get_action@value           cstackCOMRAM 00001B
int$flags                  temp         00005D
int_func                   intcode_body 003802
intlevel0                  text         000000
intlevel1                  text         000000
intlevel2                  text         000000
intlevel3                  text         000000
is_command@command         cstackCOMRAM 000014
is_command@ptr             cstackCOMRAM 000016
isalpha@c                  cstackCOMRAM 000003
isdigit@c                  cstackCOMRAM 000003
islower@c                  cstackCOMRAM 000003
isspace@c                  cstackCOMRAM 000003
isupper@c                  cstackCOMRAM 000003
main@action                cstackCOMRAM 00005A
memset@c                   cstackCOMRAM 000005
memset@dest                cstackCOMRAM 000003
memset@k                   cstackCOMRAM 00000B
memset@n                   cstackCOMRAM 000007
memset@s                   cstackCOMRAM 00000D
otoa@d                     cstackCOMRAM 000020
otoa@fp                    cstackCOMRAM 00001E
otoa@i                     cstackCOMRAM 00003E
otoa@n                     cstackCOMRAM 000036
otoa@p                     cstackCOMRAM 000030
otoa@t                     cstackCOMRAM 000032
otoa@w                     cstackCOMRAM 000034
pad@buf                    cstackCOMRAM 000015
pad@fp                     cstackCOMRAM 000013
pad@i                      cstackCOMRAM 00001A
pad@p                      cstackCOMRAM 000017
pad@w                      cstackCOMRAM 00001C
sprintf@ap                 cstackBANK0  0000E2
sprintf@f                  cstackBANK0  0000DC
sprintf@fmt                cstackBANK0  0000D6
sprintf@s                  cstackBANK0  0000D4
stackhi                    (abs)        0007FF
stacklo                    (abs)        000350
start                      init         00000E
start_initialization       cinit        003608
stoa@F1154                 dataBANK0    0000F1
stoa@cp                    cstackCOMRAM 00001C
stoa@fp                    cstackCOMRAM 00000C
stoa@i                     cstackCOMRAM 000018
stoa@l                     cstackCOMRAM 000020
stoa@nuls                  cstackCOMRAM 000011
stoa@p                     cstackCOMRAM 00001E
stoa@s                     cstackCOMRAM 00000E
stoa@w                     cstackCOMRAM 00001A
strchr@c                   cstackCOMRAM 000005
strchr@s                   cstackCOMRAM 000003
strlen@a                   cstackCOMRAM 000005
strlen@s                   cstackCOMRAM 000003
strncmp@_l                 cstackCOMRAM 000003
strncmp@_r                 cstackCOMRAM 000005
strncmp@l                  cstackCOMRAM 00000A
strncmp@n                  cstackCOMRAM 000007
strncmp@r                  cstackCOMRAM 00000C
strstr@h                   cstackCOMRAM 00000E
strstr@n                   cstackCOMRAM 000010
strstr@nl                  cstackCOMRAM 000012
toupper@c                  cstackCOMRAM 000009
ttemp5                     temp         00005E
ttemp6                     temp         000061
ttemp7                     temp         000065
utoa@d                     cstackCOMRAM 000020
utoa@fp                    cstackCOMRAM 00001E
utoa@i                     cstackCOMRAM 00003C
utoa@n                     cstackCOMRAM 000034
utoa@p                     cstackCOMRAM 000030
utoa@w                     cstackCOMRAM 000032
vfpfcnvrt@ap               cstackCOMRAM 000049
vfpfcnvrt@c                cstackBANK0  0000CB
vfpfcnvrt@cp               cstackBANK0  0000B9
vfpfcnvrt@done             cstackBANK0  0000BB
vfpfcnvrt@fmt              cstackCOMRAM 000047
vfpfcnvrt@fp               cstackCOMRAM 000045
vfpfcnvrt@ll               cstackBANK0  0000C1
vfpfcnvrt@llu              cstackBANK0  0000CC
vfpfcnvrt@vp               cstackBANK0  0000C9
vfprintf@ap                cstackCOMRAM 000053
vfprintf@cfmt              cstackCOMRAM 000055
vfprintf@fmt               cstackCOMRAM 000051
vfprintf@fp                cstackCOMRAM 00004F
wtemp8                     temp         00005E
xtoa@c                     cstackCOMRAM 000043
xtoa@d                     cstackCOMRAM 000020
xtoa@fp                    cstackCOMRAM 00001E
xtoa@i                     cstackCOMRAM 000041
xtoa@n                     cstackCOMRAM 000039
xtoa@p                     cstackCOMRAM 000035
xtoa@w                     cstackCOMRAM 000037
xtoa@x                     cstackCOMRAM 000028


FUNCTION INFORMATION:

 *************** function _main *****************
 Defined at:
		line 114 in file "main.c"
 Parameters:    Size  Location     Type
		None
 Auto vars:     Size  Location     Type
  action          1   89[COMRAM] enum E3677
 Return value:  Size  Location     Type
                  1    wreg      void 
 Registers used:
		wreg, fsr1l, fsr1h, fsr2l, fsr2h, status,2, status,0, tblptrl, tblptrh, tblptru, prodl, prodh, cstack
 Tracked objects:
		On entry : 
		On exit  : 
		Unchanged: 
 Data sizes:     COMRAM   BANK0   BANK1   BANK2   BANK3   BANK4   BANK5   BANK6   BANK7
      Params:         0       0       0       0       0       0       0       0       0
      Locals:         1       0       0       0       0       0       0       0       0
      Temps:          0       2       0       0       0       0       0       0       0
      Totals:         1       2       0       0       0       0       0       0       0
Total ram usage:        3 bytes
 Hardware stack levels required when called:   10
 This function calls:
		_USART_Init
		_data_received
		_dht_read
		_get_action
		_memset
 This function is called by:
		Startup code after reset
 This function uses a non-reentrant model


 *************** function _get_action *****************
 Defined at:
		line 218 in file "main.c"
 Parameters:    Size  Location     Type
		None
 Auto vars:     Size  Location     Type
  value           2   26[COMRAM] int 
  str_value       2   24[COMRAM] PTR unsigned char 
		 -> NULL(0), data_in(512), 
 Return value:  Size  Location     Type
                  1    wreg      enum E3677
 Registers used:
		wreg, fsr1l, fsr1h, fsr2l, fsr2h, status,2, status,0, tblptrl, tblptrh, tblptru, prodl, prodh, cstack
 Tracked objects:
		On entry : 
		On exit  : 
		Unchanged: 
 Data sizes:     COMRAM   BANK0   BANK1   BANK2   BANK3   BANK4   BANK5   BANK6   BANK7
      Params:         0       0       0       0       0       0       0       0       0
      Locals:         4       0       0       0       0       0       0       0       0
      Temps:          0       0       0       0       0       0       0       0       0
      Totals:         4       0       0       0       0       0       0       0       0
Total ram usage:        4 bytes
 Hardware stack levels used:    1
 Hardware stack levels required when called:    4
 This function calls:
		_atoi
		_is_command
		_memset
		_strstr
 This function is called by:
		_main
 This function uses a non-reentrant model


 *************** function _is_command *****************
 Defined at:
		line 233 in file "main.c"
 Parameters:    Size  Location     Type
  command         2   19[COMRAM] PTR const unsigned char 
		 -> STR_3(8), 
 Auto vars:     Size  Location     Type
  ptr             2   21[COMRAM] PTR unsigned char 
		 -> NULL(0), data_in(512), 
 Return value:  Size  Location     Type
                  1    wreg      _Bool 
 Registers used:
		wreg, fsr1l, fsr1h, fsr2l, fsr2h, status,2, status,0, tblptrl, tblptrh, tblptru, cstack
 Tracked objects:
		On entry : 
		On exit  : 
		Unchanged: 
 Data sizes:     COMRAM   BANK0   BANK1   BANK2   BANK3   BANK4   BANK5   BANK6   BANK7
      Params:         2       0       0       0       0       0       0       0       0
      Locals:         2       0       0       0       0       0       0       0       0
      Temps:          0       0       0       0       0       0       0       0       0
      Totals:         4       0       0       0       0       0       0       0       0
Total ram usage:        4 bytes
 Hardware stack levels used:    1
 Hardware stack levels required when called:    3
 This function calls:
		_strstr
 This function is called by:
		_get_action
 This function uses a non-reentrant model


 *************** function _dht_read *****************
 Defined at:
		line 146 in file "main.c"
 Parameters:    Size  Location     Type
		None
 Auto vars:     Size  Location     Type
  index           1   49[BANK0 ] unsigned char 
  bit_index       2   52[BANK0 ] int 
  mask            2   50[BANK0 ] int 
  bit_position    2   47[BANK0 ] int 
  temperature     2   45[BANK0 ] int 
  relative_hum    2   43[BANK0 ] int 
 Return value:  Size  Location     Type
                  1    wreg      void 
 Registers used:
		wreg, fsr1l, fsr1h, fsr2l, fsr2h, status,2, status,0, tblptrl, tblptrh, tblptru, prodl, prodh, cstack
 Tracked objects:
		On entry : 
		On exit  : 
		Unchanged: 
 Data sizes:     COMRAM   BANK0   BANK1   BANK2   BANK3   BANK4   BANK5   BANK6   BANK7
      Params:         0       0       0       0       0       0       0       0       0
      Locals:         0      11       0       0       0       0       0       0       0
      Temps:          3       0       0       0       0       0       0       0       0
      Totals:         3      11       0       0       0       0       0       0       0
Total ram usage:       14 bytes
 Hardware stack levels used:    1
 Hardware stack levels required when called:    9
 This function calls:
		_USART_SendString
		_dht_read_bit
		_memset
		_sprintf
 This function is called by:
		_main
 This function uses a non-reentrant model


 *************** function _sprintf *****************
 Defined at:
		line 9 in file "/opt/microchip/xc8/v2.31/pic/sources/c99/common/nf_sprintf.c"
 Parameters:    Size  Location     Type
  s               2   27[BANK0 ] PTR unsigned char 
		 -> data_out(50), 
  fmt             2   29[BANK0 ] PTR const unsigned char 
		 -> STR_2(13), STR_1(14), 
 Auto vars:     Size  Location     Type
  f               6   35[BANK0 ] struct _IO_FILE
  ap              2   41[BANK0 ] PTR void [1]
		 -> ?_sprintf(2), 
  ret             2    0        int 
 Return value:  Size  Location     Type
                  2   27[BANK0 ] int 
 Registers used:
		wreg, fsr1l, fsr1h, fsr2l, fsr2h, status,2, status,0, tblptrl, tblptrh, tblptru, prodl, prodh, cstack
 Tracked objects:
		On entry : 
		On exit  : 
		Unchanged: 
 Data sizes:     COMRAM   BANK0   BANK1   BANK2   BANK3   BANK4   BANK5   BANK6   BANK7
      Params:         0       6       0       0       0       0       0       0       0
      Locals:         0      10       0       0       0       0       0       0       0
      Temps:          0       0       0       0       0       0       0       0       0
      Totals:         0      16       0       0       0       0       0       0       0
Total ram usage:       16 bytes
 Hardware stack levels used:    1
 Hardware stack levels required when called:    8
 This function calls:
		_vfprintf
 This function is called by:
		_dht_read
 This function uses a non-reentrant model


 *************** function _vfprintf *****************
 Defined at:
		line 1390 in file "/opt/microchip/xc8/v2.31/pic/sources/c99/common/doprnt.c"
 Parameters:    Size  Location     Type
  fp              2   78[COMRAM] PTR struct _IO_FILE
		 -> sprintf@f(6), 
  fmt             2   80[COMRAM] PTR const unsigned char 
		 -> STR_2(13), STR_1(14), 
  ap              2   82[COMRAM] PTR PTR void 
		 -> sprintf@ap(2), 
 Auto vars:     Size  Location     Type
  cfmt            2   84[COMRAM] PTR unsigned char 
		 -> STR_2(13), STR_1(14), 
 Return value:  Size  Location     Type
                  2   78[COMRAM] int 
 Registers used:
		wreg, fsr1l, fsr1h, fsr2l, fsr2h, status,2, status,0, tblptrl, tblptrh, tblptru, prodl, prodh, cstack
 Tracked objects:
		On entry : 
		On exit  : 
		Unchanged: 
 Data sizes:     COMRAM   BANK0   BANK1   BANK2   BANK3   BANK4   BANK5   BANK6   BANK7
      Params:         6       0       0       0       0       0       0       0       0
      Locals:         2       0       0       0       0       0       0       0       0
      Temps:          0       0       0       0       0       0       0       0       0
      Totals:         8       0       0       0       0       0       0       0       0
Total ram usage:        8 bytes
 Hardware stack levels used:    1
 Hardware stack levels required when called:    7
 This function calls:
		_vfpfcnvrt
 This function is called by:
		_sprintf
 This function uses a non-reentrant model


 *************** function _vfpfcnvrt *****************
 Defined at:
		line 692 in file "/opt/microchip/xc8/v2.31/pic/sources/c99/common/doprnt.c"
 Parameters:    Size  Location     Type
  fp              2   68[COMRAM] PTR struct _IO_FILE
		 -> sprintf@f(6), 
  fmt             2   70[COMRAM] PTR PTR unsigned char 
		 -> vfprintf@cfmt(2), 
  ap              2   72[COMRAM] PTR PTR void 
		 -> sprintf@ap(2), 
 Auto vars:     Size  Location     Type
  llu             8   19[BANK0 ] unsigned long long 
  ll              8    8[BANK0 ] long long 
  f               4    0        long long 
  ct              3    0        unsigned char [3]
  vp              2   16[BANK0 ] PTR void 
		 -> ?_sprintf(2), 
  done            2    2[BANK0 ] int 
  cp              2    0[BANK0 ] PTR unsigned char 
		 -> ?_sprintf(2), 
  i               2    0        int 
  c               1   18[BANK0 ] unsigned char 
 Return value:  Size  Location     Type
                  2   68[COMRAM] int 
 Registers used:
		wreg, fsr1l, fsr1h, fsr2l, fsr2h, status,2, status,0, tblptrl, tblptrh, tblptru, prodl, prodh, cstack
 Tracked objects:
		On entry : 
		On exit  : 
		Unchanged: 
 Data sizes:     COMRAM   BANK0   BANK1   BANK2   BANK3   BANK4   BANK5   BANK6   BANK7
      Params:         6       0       0       0       0       0       0       0       0
      Locals:         0      27       0       0       0       0       0       0       0
      Temps:          4       0       0       0       0       0       0       0       0
      Totals:        10      27       0       0       0       0       0       0       0
Total ram usage:       37 bytes
 Hardware stack levels used:    1
 Hardware stack levels required when called:    6
 This function calls:
		_atoi
		_ctoa
		_dtoa
		_fputc
		_isdigit
		_otoa
		_stoa
		_strncmp
		_utoa
		_xtoa
 This function is called by:
		_vfprintf
 This function uses a non-reentrant model


 *************** function _xtoa *****************
 Defined at:
		line 645 in file "/opt/microchip/xc8/v2.31/pic/sources/c99/common/doprnt.c"
 Parameters:    Size  Location     Type
  fp              2   29[COMRAM] PTR struct _IO_FILE
		 -> sprintf@f(6), 
  d               8   31[COMRAM] unsigned long long 
  x               1   39[COMRAM] unsigned char 
 Auto vars:     Size  Location     Type
  n               8   56[COMRAM] unsigned long long 
  c               2   66[COMRAM] int 
  i               2   64[COMRAM] int 
  w               2   54[COMRAM] int 
  p               2   52[COMRAM] int 
 Return value:  Size  Location     Type
                  2   29[COMRAM] int 
 Registers used:
		wreg, fsr1l, fsr1h, fsr2l, fsr2h, status,2, status,0, tblptrl, tblptrh, tblptru, cstack
 Tracked objects:
		On entry : 
		On exit  : 
		Unchanged: 
 Data sizes:     COMRAM   BANK0   BANK1   BANK2   BANK3   BANK4   BANK5   BANK6   BANK7
      Params:        11       0       0       0       0       0       0       0       0
      Locals:        20       0       0       0       0       0       0       0       0
      Temps:          8       0       0       0       0       0       0       0       0
      Totals:        39       0       0       0       0       0       0       0       0
Total ram usage:       39 bytes
 Hardware stack levels used:    1
 Hardware stack levels required when called:    5
 This function calls:
		_isalpha
		_isupper
		_pad
		_toupper
 This function is called by:
		_vfpfcnvrt
 This function uses a non-reentrant model


 *************** function _toupper *****************
 Defined at:
		line 4 in file "/opt/microchip/xc8/v2.31/pic/sources/c99/common/toupper.c"
 Parameters:    Size  Location     Type
  c               2    8[COMRAM] int 
 Auto vars:     Size  Location     Type
		None
 Return value:  Size  Location     Type
                  2    8[COMRAM] int 
 Registers used:
		wreg, status,2, status,0
 Tracked objects:
		On entry : 
		On exit  : 
		Unchanged: 
 Data sizes:     COMRAM   BANK0   BANK1   BANK2   BANK3   BANK4   BANK5   BANK6   BANK7
      Params:         2       0       0       0       0       0       0       0       0
      Locals:         2       0       0       0       0       0       0       0       0
      Temps:          4       0       0       0       0       0       0       0       0
      Totals:         8       0       0       0       0       0       0       0       0
Total ram usage:        8 bytes
 Hardware stack levels used:    1
 Hardware stack levels required when called:    2
 This function calls:
		_islower
 This function is called by:
		_xtoa
 This function uses a non-reentrant model


 *************** function _islower *****************
 Defined at:
		line 5 in file "/opt/microchip/xc8/v2.31/pic/sources/c99/common/islower.c"
 Parameters:    Size  Location     Type
  c               2    2[COMRAM] int 
 Auto vars:     Size  Location     Type
		None
 Return value:  Size  Location     Type
                  2    2[COMRAM] int 
 Registers used:
		wreg, status,2, status,0
 Tracked objects:
		On entry : 
		On exit  : 
		Unchanged: 
 Data sizes:     COMRAM   BANK0   BANK1   BANK2   BANK3   BANK4   BANK5   BANK6   BANK7
      Params:         2       0       0       0       0       0       0       0       0
      Locals:         0       0       0       0       0       0       0       0       0
      Temps:          4       0       0       0       0       0       0       0       0
      Totals:         6       0       0       0       0       0       0       0       0
Total ram usage:        6 bytes
 Hardware stack levels used:    1
 Hardware stack levels required when called:    1
 This function calls:
		Nothing
 This function is called by:
		_toupper
 This function uses a non-reentrant model


 *************** function _isupper *****************
 Defined at:
		line 5 in file "/opt/microchip/xc8/v2.31/pic/sources/c99/common/isupper.c"
 Parameters:    Size  Location     Type
  c               2    2[COMRAM] int 
 Auto vars:     Size  Location     Type
		None
 Return value:  Size  Location     Type
                  2    2[COMRAM] int 
 Registers used:
		wreg, status,2, status,0
 Tracked objects:
		On entry : 
		On exit  : 
		Unchanged: 
 Data sizes:     COMRAM   BANK0   BANK1   BANK2   BANK3   BANK4   BANK5   BANK6   BANK7
      Params:         2       0       0       0       0       0       0       0       0
      Locals:         0       0       0       0       0       0       0       0       0
      Temps:          4       0       0       0       0       0       0       0       0
      Totals:         6       0       0       0       0       0       0       0       0
Total ram usage:        6 bytes
 Hardware stack levels used:    1
 Hardware stack levels required when called:    1
 This function calls:
		Nothing
 This function is called by:
		_xtoa
 This function uses a non-reentrant model


 *************** function _isalpha *****************
 Defined at:
		line 5 in file "/opt/microchip/xc8/v2.31/pic/sources/c99/common/isalpha.c"
 Parameters:    Size  Location     Type
  c               2    2[COMRAM] int 
 Auto vars:     Size  Location     Type
		None
 Return value:  Size  Location     Type
                  2    2[COMRAM] int 
 Registers used:
		wreg, status,2, status,0
 Tracked objects:
		On entry : 
		On exit  : 
		Unchanged: 
 Data sizes:     COMRAM   BANK0   BANK1   BANK2   BANK3   BANK4   BANK5   BANK6   BANK7
      Params:         2       0       0       0       0       0       0       0       0
      Locals:         0       0       0       0       0       0       0       0       0
      Temps:          4       0       0       0       0       0       0       0       0
      Totals:         6       0       0       0       0       0       0       0       0
Total ram usage:        6 bytes
 Hardware stack levels used:    1
 Hardware stack levels required when called:    1
 This function calls:
		Nothing
 This function is called by:
		_xtoa
 This function uses a non-reentrant model


 *************** function _utoa *****************
 Defined at:
		line 615 in file "/opt/microchip/xc8/v2.31/pic/sources/c99/common/doprnt.c"
 Parameters:    Size  Location     Type
  fp              2   29[COMRAM] PTR struct _IO_FILE
		 -> sprintf@f(6), 
  d               8   31[COMRAM] unsigned long long 
 Auto vars:     Size  Location     Type
  n               8   51[COMRAM] unsigned long long 
  i               2   59[COMRAM] int 
  w               2   49[COMRAM] int 
  p               2   47[COMRAM] int 
 Return value:  Size  Location     Type
                  2   29[COMRAM] int 
 Registers used:
		wreg, fsr1l, fsr1h, fsr2l, fsr2h, status,2, status,0, tblptrl, tblptrh, tblptru, cstack
 Tracked objects:
		On entry : 
		On exit  : 
		Unchanged: 
 Data sizes:     COMRAM   BANK0   BANK1   BANK2   BANK3   BANK4   BANK5   BANK6   BANK7
      Params:        10       0       0       0       0       0       0       0       0
      Locals:        14       0       0       0       0       0       0       0       0
      Temps:          8       0       0       0       0       0       0       0       0
      Totals:        32       0       0       0       0       0       0       0       0
Total ram usage:       32 bytes
 Hardware stack levels used:    1
 Hardware stack levels required when called:    5
 This function calls:
		___lodiv
		___lomod
		_pad
 This function is called by:
		_vfpfcnvrt
 This function uses a non-reentrant model


 *************** function ___lomod *****************
 Defined at:
		line 9 in file "/opt/microchip/xc8/v2.31/pic/sources/c99/common/lomod.c"
 Parameters:    Size  Location     Type
  dividend        8    2[COMRAM] unsigned long long 
  divisor         8   10[COMRAM] unsigned long long 
 Auto vars:     Size  Location     Type
  counter         1   18[COMRAM] unsigned char 
 Return value:  Size  Location     Type
                  8    2[COMRAM] unsigned long long 
 Registers used:
		wreg, status,2, status,0
 Tracked objects:
		On entry : 
		On exit  : 
		Unchanged: 
 Data sizes:     COMRAM   BANK0   BANK1   BANK2   BANK3   BANK4   BANK5   BANK6   BANK7
      Params:        16       0       0       0       0       0       0       0       0
      Locals:         1       0       0       0       0       0       0       0       0
      Temps:          0       0       0       0       0       0       0       0       0
      Totals:        17       0       0       0       0       0       0       0       0
Total ram usage:       17 bytes
 Hardware stack levels used:    1
 Hardware stack levels required when called:    1
 This function calls:
		Nothing
 This function is called by:
		_utoa
 This function uses a non-reentrant model


 *************** function ___lodiv *****************
 Defined at:
		line 9 in file "/opt/microchip/xc8/v2.31/pic/sources/c99/common/lodiv.c"
 Parameters:    Size  Location     Type
  dividend        8    2[COMRAM] unsigned long long 
  divisor         8   10[COMRAM] unsigned long long 
 Auto vars:     Size  Location     Type
  quotient        8   18[COMRAM] unsigned long long 
  counter         1   26[COMRAM] unsigned char 
 Return value:  Size  Location     Type
                  8    2[COMRAM] unsigned long long 
 Registers used:
		wreg, fsr2l, fsr2h, status,2, status,0
 Tracked objects:
		On entry : 
		On exit  : 
		Unchanged: 
 Data sizes:     COMRAM   BANK0   BANK1   BANK2   BANK3   BANK4   BANK5   BANK6   BANK7
      Params:        16       0       0       0       0       0       0       0       0
      Locals:         9       0       0       0       0       0       0       0       0
      Temps:          0       0       0       0       0       0       0       0       0
      Totals:        25       0       0       0       0       0       0       0       0
Total ram usage:       25 bytes
 Hardware stack levels used:    1
 Hardware stack levels required when called:    1
 This function calls:
		Nothing
 This function is called by:
		_utoa
 This function uses a non-reentrant model


 *************** function _stoa *****************
 Defined at:
		line 568 in file "/opt/microchip/xc8/v2.31/pic/sources/c99/common/doprnt.c"
 Parameters:    Size  Location     Type
  fp              2   11[COMRAM] PTR struct _IO_FILE
		 -> sprintf@f(6), 
  s               2   13[COMRAM] PTR unsigned char 
		 -> ?_sprintf(2), 
 Auto vars:     Size  Location     Type
  nuls            7   16[COMRAM] unsigned char [7]
  l               2   31[COMRAM] int 
  p               2   29[COMRAM] int 
  cp              2   27[COMRAM] PTR unsigned char 
		 -> stoa@nuls(7), ?_sprintf(2), 
  w               2   25[COMRAM] int 
  i               2   23[COMRAM] int 
 Return value:  Size  Location     Type
                  2   11[COMRAM] int 
 Registers used:
		wreg, fsr1l, fsr1h, fsr2l, fsr2h, status,2, status,0, tblptrl, tblptrh, tblptru, cstack
 Tracked objects:
		On entry : 
		On exit  : 
		Unchanged: 
 Data sizes:     COMRAM   BANK0   BANK1   BANK2   BANK3   BANK4   BANK5   BANK6   BANK7
      Params:         4       0       0       0       0       0       0       0       0
      Locals:        17       0       0       0       0       0       0       0       0
      Temps:          1       0       0       0       0       0       0       0       0
      Totals:        22       0       0       0       0       0       0       0       0
Total ram usage:       22 bytes
 Hardware stack levels used:    1
 Hardware stack levels required when called:    3
 This function calls:
		_fputc
		_strlen
 This function is called by:
		_vfpfcnvrt
 This function uses a non-reentrant model


 *************** function _otoa *****************
 Defined at:
		line 529 in file "/opt/microchip/xc8/v2.31/pic/sources/c99/common/doprnt.c"
 Parameters:    Size  Location     Type
  fp              2   29[COMRAM] PTR struct _IO_FILE
		 -> sprintf@f(6), 
  d               8   31[COMRAM] unsigned long long 
 Auto vars:     Size  Location     Type
  n               8   53[COMRAM] unsigned long long 
  i               2   61[COMRAM] int 
  w               2   51[COMRAM] int 
  t               2   49[COMRAM] int 
  p               2   47[COMRAM] int 
 Return value:  Size  Location     Type
                  2   29[COMRAM] int 
 Registers used:
		wreg, fsr1l, fsr1h, fsr2l, fsr2h, status,2, status,0, tblptrl, tblptrh, tblptru, cstack
 Tracked objects:
		On entry : 
		On exit  : 
		Unchanged: 
 Data sizes:     COMRAM   BANK0   BANK1   BANK2   BANK3   BANK4   BANK5   BANK6   BANK7
      Params:        10       0       0       0       0       0       0       0       0
      Locals:        16       0       0       0       0       0       0       0       0
      Temps:          8       0       0       0       0       0       0       0       0
      Totals:        34       0       0       0       0       0       0       0       0
Total ram usage:       34 bytes
 Hardware stack levels used:    1
 Hardware stack levels required when called:    5
 This function calls:
		_pad
 This function is called by:
		_vfpfcnvrt
 This function uses a non-reentrant model


 *************** function _dtoa *****************
 Defined at:
		line 287 in file "/opt/microchip/xc8/v2.31/pic/sources/c99/common/doprnt.c"
 Parameters:    Size  Location     Type
  fp              2   29[COMRAM] PTR struct _IO_FILE
		 -> sprintf@f(6), 
  d               8   31[COMRAM] long long 
 Auto vars:     Size  Location     Type
  n               8   55[COMRAM] long long 
  i               2   63[COMRAM] int 
  s               2   53[COMRAM] int 
  w               2   51[COMRAM] int 
  p               2   49[COMRAM] int 
 Return value:  Size  Location     Type
                  2   29[COMRAM] int 
 Registers used:
		wreg, fsr1l, fsr1h, fsr2l, fsr2h, status,2, status,0, tblptrl, tblptrh, tblptru, cstack
 Tracked objects:
		On entry : 
		On exit  : 
		Unchanged: 
 Data sizes:     COMRAM   BANK0   BANK1   BANK2   BANK3   BANK4   BANK5   BANK6   BANK7
      Params:        10       0       0       0       0       0       0       0       0
      Locals:        18       0       0       0       0       0       0       0       0
      Temps:          8       0       0       0       0       0       0       0       0
      Totals:        36       0       0       0       0       0       0       0       0
Total ram usage:       36 bytes
 Hardware stack levels used:    1
 Hardware stack levels required when called:    5
 This function calls:
		___aodiv
		___aomod
		_abs
		_pad
 This function is called by:
		_vfpfcnvrt
 This function uses a non-reentrant model


 *************** function _pad *****************
 Defined at:
		line 72 in file "/opt/microchip/xc8/v2.31/pic/sources/c99/common/doprnt.c"
 Parameters:    Size  Location     Type
  fp              2   18[COMRAM] PTR struct _IO_FILE
		 -> sprintf@f(6), 
  buf             2   20[COMRAM] PTR unsigned char 
		 -> dbuf(32), 
  p               2   22[COMRAM] int 
 Auto vars:     Size  Location     Type
  w               2   27[COMRAM] int 
  i               2   25[COMRAM] int 
 Return value:  Size  Location     Type
                  2   18[COMRAM] int 
 Registers used:
		wreg, fsr1l, fsr1h, fsr2l, fsr2h, status,2, status,0, tblptrl, tblptrh, tblptru, cstack
 Tracked objects:
		On entry : 
		On exit  : 
		Unchanged: 
 Data sizes:     COMRAM   BANK0   BANK1   BANK2   BANK3   BANK4   BANK5   BANK6   BANK7
      Params:         6       0       0       0       0       0       0       0       0
      Locals:         4       0       0       0       0       0       0       0       0
      Temps:          1       0       0       0       0       0       0       0       0
      Totals:        11       0       0       0       0       0       0       0       0
Total ram usage:       11 bytes
 Hardware stack levels used:    1
 Hardware stack levels required when called:    4
 This function calls:
		_fputc
		_fputs
		_strlen
 This function is called by:
		_dtoa
		_otoa
		_utoa
		_xtoa
 This function uses a non-reentrant model


 *************** function _fputs *****************
 Defined at:
		line 8 in file "/opt/microchip/xc8/v2.31/pic/sources/c99/common/nf_fputs.c"
 Parameters:    Size  Location     Type
  s               2   11[COMRAM] PTR const unsigned char 
		 -> dbuf(32), 
  fp              2   13[COMRAM] PTR struct _IO_FILE
		 -> sprintf@f(6), 
 Auto vars:     Size  Location     Type
  i               2   16[COMRAM] int 
  c               1   15[COMRAM] unsigned char 
 Return value:  Size  Location     Type
                  2   11[COMRAM] int 
 Registers used:
		wreg, fsr1l, fsr1h, fsr2l, fsr2h, status,2, status,0, cstack
 Tracked objects:
		On entry : 
		On exit  : 
		Unchanged: 
 Data sizes:     COMRAM   BANK0   BANK1   BANK2   BANK3   BANK4   BANK5   BANK6   BANK7
      Params:         4       0       0       0       0       0       0       0       0
      Locals:         3       0       0       0       0       0       0       0       0
      Temps:          0       0       0       0       0       0       0       0       0
      Totals:         7       0       0       0       0       0       0       0       0
Total ram usage:        7 bytes
 Hardware stack levels used:    1
 Hardware stack levels required when called:    3
 This function calls:
		_fputc
 This function is called by:
		_pad
 This function uses a non-reentrant model


 *************** function _abs *****************
 Defined at:
		line 1 in file "/opt/microchip/xc8/v2.31/pic/sources/c99/common/abs.c"
 Parameters:    Size  Location     Type
  a               2   20[COMRAM] int 
 Auto vars:     Size  Location     Type
		None
 Return value:  Size  Location     Type
                  2   20[COMRAM] int 
 Registers used:
		wreg, status,2, status,0
 Tracked objects:
		On entry : 
		On exit  : 
		Unchanged: 
 Data sizes:     COMRAM   BANK0   BANK1   BANK2   BANK3   BANK4   BANK5   BANK6   BANK7
      Params:         2       0       0       0       0       0       0       0       0
      Locals:         0       0       0       0       0       0       0       0       0
      Temps:          2       0       0       0       0       0       0       0       0
      Totals:         4       0       0       0       0       0       0       0       0
Total ram usage:        4 bytes
 Hardware stack levels used:    1
 Hardware stack levels required when called:    1
 This function calls:
		Nothing
 This function is called by:
		_dtoa
 This function uses a non-reentrant model


 *************** function ___aomod *****************
 Defined at:
		line 9 in file "/opt/microchip/xc8/v2.31/pic/sources/c99/common/aomod.c"
 Parameters:    Size  Location     Type
  dividend        8    2[COMRAM] long long 
  divisor         8   10[COMRAM] long long 
 Auto vars:     Size  Location     Type
  sign            1   19[COMRAM] unsigned char 
  counter         1   18[COMRAM] unsigned char 
 Return value:  Size  Location     Type
                  8    2[COMRAM] long long 
 Registers used:
		wreg, status,2, status,0
 Tracked objects:
		On entry : 
		On exit  : 
		Unchanged: 
 Data sizes:     COMRAM   BANK0   BANK1   BANK2   BANK3   BANK4   BANK5   BANK6   BANK7
      Params:        16       0       0       0       0       0       0       0       0
      Locals:         2       0       0       0       0       0       0       0       0
      Temps:          0       0       0       0       0       0       0       0       0
      Totals:        18       0       0       0       0       0       0       0       0
Total ram usage:       18 bytes
 Hardware stack levels used:    1
 Hardware stack levels required when called:    1
 This function calls:
		Nothing
 This function is called by:
		_dtoa
 This function uses a non-reentrant model


 *************** function ___aodiv *****************
 Defined at:
		line 9 in file "/opt/microchip/xc8/v2.31/pic/sources/c99/common/aodiv.c"
 Parameters:    Size  Location     Type
  dividend        8    2[COMRAM] long long 
  divisor         8   10[COMRAM] long long 
 Auto vars:     Size  Location     Type
  quotient        8   20[COMRAM] long long 
  sign            1   19[COMRAM] unsigned char 
  counter         1   18[COMRAM] unsigned char 
 Return value:  Size  Location     Type
                  8    2[COMRAM] long long 
 Registers used:
		wreg, fsr2l, fsr2h, status,2, status,0
 Tracked objects:
		On entry : 
		On exit  : 
		Unchanged: 
 Data sizes:     COMRAM   BANK0   BANK1   BANK2   BANK3   BANK4   BANK5   BANK6   BANK7
      Params:        16       0       0       0       0       0       0       0       0
      Locals:        10       0       0       0       0       0       0       0       0
      Temps:          0       0       0       0       0       0       0       0       0
      Totals:        26       0       0       0       0       0       0       0       0
Total ram usage:       26 bytes
 Hardware stack levels used:    1
 Hardware stack levels required when called:    1
 This function calls:
		Nothing
 This function is called by:
		_dtoa
 This function uses a non-reentrant model


 *************** function _ctoa *****************
 Defined at:
		line 259 in file "/opt/microchip/xc8/v2.31/pic/sources/c99/common/doprnt.c"
 Parameters:    Size  Location     Type
  fp              2   11[COMRAM] PTR struct _IO_FILE
		 -> sprintf@f(6), 
  c               1   13[COMRAM] unsigned char 
 Auto vars:     Size  Location     Type
  w               2   17[COMRAM] int 
  l               2   15[COMRAM] int 
 Return value:  Size  Location     Type
                  2   11[COMRAM] int 
 Registers used:
		wreg, fsr1l, fsr1h, fsr2l, fsr2h, status,2, status,0, cstack
 Tracked objects:
		On entry : 
		On exit  : 
		Unchanged: 
 Data sizes:     COMRAM   BANK0   BANK1   BANK2   BANK3   BANK4   BANK5   BANK6   BANK7
      Params:         3       0       0       0       0       0       0       0       0
      Locals:         4       0       0       0       0       0       0       0       0
      Temps:          1       0       0       0       0       0       0       0       0
      Totals:         8       0       0       0       0       0       0       0       0
Total ram usage:        8 bytes
 Hardware stack levels used:    1
 Hardware stack levels required when called:    3
 This function calls:
		_fputc
 This function is called by:
		_vfpfcnvrt
 This function uses a non-reentrant model


 *************** function _fputc *****************
 Defined at:
		line 8 in file "/opt/microchip/xc8/v2.31/pic/sources/c99/common/nf_fputc.c"
 Parameters:    Size  Location     Type
  c               2    2[COMRAM] int 
  fp              2    4[COMRAM] PTR struct _IO_FILE
		 -> sprintf@f(6), 
 Auto vars:     Size  Location     Type
		None
 Return value:  Size  Location     Type
                  2    2[COMRAM] int 
 Registers used:
		wreg, fsr1l, fsr1h, fsr2l, fsr2h, status,2, status,0, cstack
 Tracked objects:
		On entry : 
		On exit  : 
		Unchanged: 
 Data sizes:     COMRAM   BANK0   BANK1   BANK2   BANK3   BANK4   BANK5   BANK6   BANK7
      Params:         4       0       0       0       0       0       0       0       0
      Locals:         0       0       0       0       0       0       0       0       0
      Temps:          5       0       0       0       0       0       0       0       0
      Totals:         9       0       0       0       0       0       0       0       0
Total ram usage:        9 bytes
 Hardware stack levels used:    1
 Hardware stack levels required when called:    2
 This function calls:
		_putch
 This function is called by:
		_pad
		_ctoa
		_stoa
		_vfpfcnvrt
		_fputs
 This function uses a non-reentrant model


 *************** function _putch *****************
 Defined at:
		line 7 in file "/opt/microchip/xc8/v2.31/pic/sources/c99/common/putch.c"
 Parameters:    Size  Location     Type
  c               1    wreg     unsigned char 
 Auto vars:     Size  Location     Type
  c               1    0[COMRAM] unsigned char 
 Return value:  Size  Location     Type
                  1    wreg      void 
 Registers used:
		wreg
 Tracked objects:
		On entry : 
		On exit  : 
		Unchanged: 
 Data sizes:     COMRAM   BANK0   BANK1   BANK2   BANK3   BANK4   BANK5   BANK6   BANK7
      Params:         0       0       0       0       0       0       0       0       0
      Locals:         0       0       0       0       0       0       0       0       0
      Temps:          0       0       0       0       0       0       0       0       0
      Totals:         0       0       0       0       0       0       0       0       0
Total ram usage:        0 bytes
 Hardware stack levels used:    1
 Hardware stack levels required when called:    1
 This function calls:
		Nothing
 This function is called by:
		_fputc
 This function uses a non-reentrant model


 *************** function _atoi *****************
 Defined at:
		line 4 in file "/opt/microchip/xc8/v2.31/pic/sources/c99/common/atoi.c"
 Parameters:    Size  Location     Type
  s               2    9[COMRAM] PTR const unsigned char 
		 -> NULL(0), data_in(512), STR_2(13), STR_1(14), 
 Auto vars:     Size  Location     Type
  n               2   22[COMRAM] int 
  neg             2   15[COMRAM] int 
 Return value:  Size  Location     Type
                  2    9[COMRAM] int 
 Registers used:
		wreg, fsr1l, fsr1h, status,2, status,0, tblptrl, tblptrh, tblptru, prodl, prodh, cstack
 Tracked objects:
		On entry : 
		On exit  : 
		Unchanged: 
 Data sizes:     COMRAM   BANK0   BANK1   BANK2   BANK3   BANK4   BANK5   BANK6   BANK7
      Params:         2       0       0       0       0       0       0       0       0
      Locals:         9       0       0       0       0       0       0       0       0
      Temps:          4       0       0       0       0       0       0       0       0
      Totals:        15       0       0       0       0       0       0       0       0
Total ram usage:       15 bytes
 Hardware stack levels used:    1
 Hardware stack levels required when called:    2
 This function calls:
		___wmul
		_isdigit
		_isspace
 This function is called by:
		_get_action
		_vfpfcnvrt
 This function uses a non-reentrant model


[...]
      Totals:         6       0       0       0       0       0       0       0       0
Total ram usage:        6 bytes
 Hardware stack levels used:    1
 Hardware stack levels required when called:    1
 This function calls:
		Nothing
 This function is called by:
		_atoi
 This function uses a non-reentrant model


 *************** function _memset *****************
 Defined at:
		line 4 in file "/opt/microchip/xc8/v2.31/pic/sources/c99/common/memset.c"
 Parameters:    Size  Location     Type
  dest            2    2[COMRAM] PTR void 
		 -> data_out(50), dht_raw_data(80), data_in(512), 
  c               2    4[COMRAM] int 
  n               2    6[COMRAM] unsigned int 
 Auto vars:     Size  Location     Type
  s               2   12[COMRAM] PTR unsigned char 
		 -> data_out(50), dht_raw_data(80), data_in(512), 
  k               2   10[COMRAM] unsigned int 
 Return value:  Size  Location     Type
                  2    2[COMRAM] PTR void 
 Registers used:
		wreg, fsr2l, fsr2h, status,2, status,0
 Tracked objects:
		On entry : 
		On exit  : 
		Unchanged: 
 Data sizes:     COMRAM   BANK0   BANK1   BANK2   BANK3   BANK4   BANK5   BANK6   BANK7
      Params:         6       0       0       0       0       0       0       0       0
      Locals:         4       0       0       0       0       0       0       0       0
      Temps:          2       0       0       0       0       0       0       0       0
      Totals:        12       0       0       0       0       0       0       0       0
Total ram usage:       12 bytes
 Hardware stack levels used:    1
 Hardware stack levels required when called:    1
 This function calls:
		Nothing
 This function is called by:
		_main
		_dht_read
		_get_action
 This function uses a non-reentrant model


 *************** function _dht_read_bit *****************
 Defined at:
		line 196 in file "main.c"
 Parameters:    Size  Location     Type
		None
 Auto vars:     Size  Location     Type
		None
 Return value:  Size  Location     Type
                  2    2[COMRAM] int 
 Registers used:
		wreg, status,2
 Tracked objects:
		On entry : 
		On exit  : 
		Unchanged: 
 Data sizes:     COMRAM   BANK0   BANK1   BANK2   BANK3   BANK4   BANK5   BANK6   BANK7
      Params:         2       0       0       0       0       0       0       0       0
      Locals:         0       0       0       0       0       0       0       0       0
      Temps:          0       0       0       0       0       0       0       0       0
      Totals:         2       0       0       0       0       0       0       0       0
Total ram usage:        2 bytes
 Hardware stack levels used:    1
 Hardware stack levels required when called:    1
 This function calls:
		Nothing
 This function is called by:
		_dht_read
 This function uses a non-reentrant model


 *************** function _USART_SendString *****************
 Defined at:
		line 276 in file "main.c"
 Parameters:    Size  Location     Type
  data            2    6[COMRAM] PTR unsigned char 
		 -> data_out(50), 
 Auto vars:     Size  Location     Type
  index           1   10[COMRAM] unsigned char 
 Return value:  Size  Location     Type
                  1    wreg      void 
 Registers used:
		wreg, fsr1l, fsr1h, fsr2l, fsr2h, status,2, status,0, tblptrl, tblptrh, tblptru, cstack
 Tracked objects:
		On entry : 
		On exit  : 
		Unchanged: 
 Data sizes:     COMRAM   BANK0   BANK1   BANK2   BANK3   BANK4   BANK5   BANK6   BANK7
      Params:         2       0       0       0       0       0       0       0       0
      Locals:         1       0       0       0       0       0       0       0       0
      Temps:          2       0       0       0       0       0       0       0       0
      Totals:         5       0       0       0       0       0       0       0       0
Total ram usage:        5 bytes
 Hardware stack levels used:    1
 Hardware stack levels required when called:    2
 This function calls:
		_USART_SendChar
		_strlen
 This function is called by:
		_dht_read
 This function uses a non-reentrant model


 *************** function _USART_SendChar *****************
 Defined at:
		line 271 in file "main.c"
 Parameters:    Size  Location     Type
  data            1    wreg     unsigned char 
 Auto vars:     Size  Location     Type
  data            1    2[COMRAM] unsigned char 
 Return value:  Size  Location     Type
                  1    wreg      void 
 Registers used:
		wreg
 Tracked objects:
		On entry : 
		On exit  : 
		Unchanged: 
 Data sizes:     COMRAM   BANK0   BANK1   BANK2   BANK3   BANK4   BANK5   BANK6   BANK7
      Params:         0       0       0       0       0       0       0       0       0
      Locals:         1       0       0       0       0       0       0       0       0
      Temps:          0       0       0       0       0       0       0       0       0
      Totals:         1       0       0       0       0       0       0       0       0
Total ram usage:        1 bytes
 Hardware stack levels used:    1
 Hardware stack levels required when called:    1
 This function calls:
		Nothing
 This function is called by:
		_USART_SendString
 This function uses a non-reentrant model


 *************** function _data_received *****************
 Defined at:
		line 208 in file "main.c"
 Parameters:    Size  Location     Type
		None
 Auto vars:     Size  Location     Type
  ptr             2   19[COMRAM] PTR unsigned char 
		 -> NULL(0), data_in(512), 
 Return value:  Size  Location     Type
                  1    wreg      _Bool 
 Registers used:
		wreg, fsr1l, fsr1h, fsr2l, fsr2h, status,2, status,0, tblptrl, tblptrh, tblptru, cstack
 Tracked objects:
		On entry : 
		On exit  : 
		Unchanged: 
 Data sizes:     COMRAM   BANK0   BANK1   BANK2   BANK3   BANK4   BANK5   BANK6   BANK7
      Params:         0       0       0       0       0       0       0       0       0
      Locals:         2       0       0       0       0       0       0       0       0
      Temps:          0       0       0       0       0       0       0       0       0
      Totals:         2       0       0       0       0       0       0       0       0
Total ram usage:        2 bytes
 Hardware stack levels used:    1
 Hardware stack levels required when called:    3
 This function calls:
		_strstr
 This function is called by:
		_main
 This function uses a non-reentrant model


 *************** function _strstr *****************
 Defined at:
		line 4 in file "/opt/microchip/xc8/v2.31/pic/sources/c99/common/strstr.c"
 Parameters:    Size  Location     Type
  h               2   13[COMRAM] PTR const unsigned char 
		 -> NULL(0), data_in(512), 
  n               2   15[COMRAM] PTR const unsigned char 
		 -> STR_5(2), STR_4(4), STR_3(8), 
 Auto vars:     Size  Location     Type
  nl              2   17[COMRAM] unsigned int 
 Return value:  Size  Location     Type
                  2   13[COMRAM] PTR unsigned char 
 Registers used:
		wreg, fsr1l, fsr1h, fsr2l, fsr2h, status,2, status,0, tblptrl, tblptrh, tblptru, cstack
 Tracked objects:
		On entry : 
		On exit  : 
		Unchanged: 
 Data sizes:     COMRAM   BANK0   BANK1   BANK2   BANK3   BANK4   BANK5   BANK6   BANK7
      Params:         4       0       0       0       0       0       0       0       0
      Locals:         2       0       0       0       0       0       0       0       0
      Temps:          0       0       0       0       0       0       0       0       0
      Totals:         6       0       0       0       0       0       0       0       0
Total ram usage:        6 bytes
 Hardware stack levels used:    1
 Hardware stack levels required when called:    2
 This function calls:
		_strchr
		_strlen
		_strncmp
 This function is called by:
		_data_received
		_get_action
		_is_command
 This function uses a non-reentrant model


 *************** function _strncmp *****************
 Defined at:
		line 3 in file "/opt/microchip/xc8/v2.31/pic/sources/c99/common/strncmp.c"
 Parameters:    Size  Location     Type
  _l              2    2[COMRAM] PTR const unsigned char 
		 -> NULL(0), data_in(512), STR_2(13), STR_1(14), 
  _r              2    4[COMRAM] PTR const unsigned char 
		 -> STR_102(3), STR_98(3), STR_93(3), STR_89(3), 
		 -> STR_84(4), STR_80(4), STR_75(3), STR_70(3), 
		 -> STR_65(4), STR_60(3), STR_55(3), STR_50(4), 
		 -> STR_45(3), STR_40(3), STR_35(4), STR_30(3), 
		 -> STR_26(3), STR_21(3), STR_17(3), STR_12(4), 
		 -> STR_8(4), STR_5(2), STR_4(4), STR_3(8), 
  n               2    6[COMRAM] unsigned int 
 Auto vars:     Size  Location     Type
  r               2   11[COMRAM] PTR const unsigned char 
		 -> STR_102(3), STR_98(3), STR_93(3), STR_89(3), 
		 -> STR_84(4), STR_80(4), STR_75(3), STR_70(3), 
		 -> STR_65(4), STR_60(3), STR_55(3), STR_50(4), 
		 -> STR_45(3), STR_40(3), STR_35(4), STR_30(3), 
		 -> STR_26(3), STR_21(3), STR_17(3), STR_12(4), 
		 -> STR_8(4), STR_5(2), STR_4(4), STR_3(8), 
  l               2    9[COMRAM] PTR const unsigned char 
		 -> NULL(0), data_in(512), STR_2(13), STR_1(14), 
 Return value:  Size  Location     Type
                  2    2[COMRAM] int 
 Registers used:
		wreg, fsr1l, fsr1h, status,2, status,0, tblptrl, tblptrh, tblptru
 Tracked objects:
		On entry : 
		On exit  : 
		Unchanged: 
 Data sizes:     COMRAM   BANK0   BANK1   BANK2   BANK3   BANK4   BANK5   BANK6   BANK7
      Params:         6       0       0       0       0       0       0       0       0
      Locals:         4       0       0       0       0       0       0       0       0
      Temps:          1       0       0       0       0       0       0       0       0
      Totals:        11       0       0       0       0       0       0       0       0
Total ram usage:       11 bytes
 Hardware stack levels used:    1
 Hardware stack levels required when called:    1
 This function calls:
		Nothing
 This function is called by:
		_vfpfcnvrt
		_strstr
 This function uses a non-reentrant model


 *************** function _strlen *****************
 Defined at:
		line 5 in file "/opt/microchip/xc8/v2.31/pic/sources/c99/common/strlen.c"
 Parameters:    Size  Location     Type
  s               2    2[COMRAM] PTR const unsigned char 
		 -> stoa@nuls(7), dbuf(32), ?_sprintf(2), STR_5(2), 
		 -> data_out(50), STR_4(4), STR_3(8), 
 Auto vars:     Size  Location     Type
  a               2    4[COMRAM] PTR const unsigned char 
		 -> stoa@nuls(7), dbuf(32), ?_sprintf(2), STR_5(2), 
		 -> data_out(50), STR_4(4), STR_3(8), 
 Return value:  Size  Location     Type
                  2    2[COMRAM] unsigned int 
 Registers used:
		wreg, fsr1l, fsr1h, status,2, status,0, tblptrl, tblptrh, tblptru
 Tracked objects:
		On entry : 
		On exit  : 
		Unchanged: 
 Data sizes:     COMRAM   BANK0   BANK1   BANK2   BANK3   BANK4   BANK5   BANK6   BANK7
      Params:         2       0       0       0       0       0       0       0       0
      Locals:         2       0       0       0       0       0       0       0       0
      Temps:          0       0       0       0       0       0       0       0       0
      Totals:         4       0       0       0       0       0       0       0       0
Total ram usage:        4 bytes
 Hardware stack levels used:    1
 Hardware stack levels required when called:    1
 This function calls:
		Nothing
 This function is called by:
		_USART_SendString
		_pad
		_stoa
		_strstr
 This function uses a non-reentrant model


 *************** function _strchr *****************
 Defined at:
		line 3 in file "/opt/microchip/xc8/v2.31/pic/sources/c99/common/strchr.c"
 Parameters:    Size  Location     Type
  s               2    2[COMRAM] PTR const unsigned char 
		 -> NULL(0), data_in(512), 
  c               2    4[COMRAM] int 
 Auto vars:     Size  Location     Type
		None
 Return value:  Size  Location     Type
                  2    2[COMRAM] PTR unsigned char 
 Registers used:
		wreg, fsr2l, fsr2h, status,2, status,0
 Tracked objects:
		On entry : 
		On exit  : 
		Unchanged: 
 Data sizes:     COMRAM   BANK0   BANK1   BANK2   BANK3   BANK4   BANK5   BANK6   BANK7
      Params:         4       0       0       0       0       0       0       0       0
      Locals:         0       0       0       0       0       0       0       0       0
      Temps:          1       0       0       0       0       0       0       0       0
      Totals:         5       0       0       0       0       0       0       0       0
Total ram usage:        5 bytes
 Hardware stack levels used:    1
 Hardware stack levels required when called:    1
 This function calls:
		Nothing
 This function is called by:
		_strstr
 This function uses a non-reentrant model


 *************** function _USART_Init *****************
 Defined at:
		line 243 in file "main.c"
 Parameters:    Size  Location     Type
		None
 Auto vars:     Size  Location     Type
		None
 Return value:  Size  Location     Type
                  1    wreg      void 
 Registers used:
		wreg, status,2
 Tracked objects:
		On entry : 
		On exit  : 
		Unchanged: 
 Data sizes:     COMRAM   BANK0   BANK1   BANK2   BANK3   BANK4   BANK5   BANK6   BANK7
      Params:         0       0       0       0       0       0       0       0       0
      Locals:         0       0       0       0       0       0       0       0       0
      Temps:          0       0       0       0       0       0       0       0       0
      Totals:         0       0       0       0       0       0       0       0       0
Total ram usage:        0 bytes
 Hardware stack levels used:    1
 Hardware stack levels required when called:    1
 This function calls:
		Nothing
 This function is called by:
		_main
 This function uses a non-reentrant model


 *************** function _isr *****************
 Defined at:
		line 258 in file "main.c"
 Parameters:    Size  Location     Type
		None
 Auto vars:     Size  Location     Type
		None
 Return value:  Size  Location     Type
                  1    wreg      void 
 Registers used:
		wreg, fsr2l, fsr2h, status,2, status,0
 Tracked objects:
		On entry : 
		On exit  : 
		Unchanged: 
 Data sizes:     COMRAM   BANK0   BANK1   BANK2   BANK3   BANK4   BANK5   BANK6   BANK7
      Params:         0       0       0       0       0       0       0       0       0
      Locals:         0       0       0       0       0       0       0       0       0
      Temps:          2       0       0       0       0       0       0       0       0
      Totals:         2       0       0       0       0       0       0       0       0
Total ram usage:        2 bytes
 Hardware stack levels used:    1
 This function calls:
		Nothing
 This function is called by:
		Interrupt level 2
 This function uses a non-reentrant model



MODULE INFORMATION

Module		Function		Class		Link	Load	Size
/opt/microchip/xc8/v2.31/pic/sources/c99/common/doprnt.c
		_vfpfcnvrt     		CODE           	0858	0000	4682
		_pad           		CODE           	32E2	0000	194
		_ctoa          		CODE           	3072	0000	214
		_dtoa          		CODE           	1AA2	0000	734
		_vfprintf      		CODE           	35A6	0000	98
		_otoa          		CODE           	269A	0000	490
		_stoa          		CODE           	2A0C	0000	386
		_utoa          		CODE           	22A2	0000	512
		_xtoa          		CODE           	1D80	0000	724

/opt/microchip/xc8/v2.31/pic/sources/c99/common/doprnt.c estimated size: 8034

/opt/microchip/xc8/v2.31/pic/sources/c99/common/isalpha.c
		_isalpha       		CODE           	395E	0000	60

/opt/microchip/xc8/v2.31/pic/sources/c99/common/isalpha.c estimated size: 60

/opt/microchip/xc8/v2.31/pic/sources/c99/common/abs.c
		_abs           		CODE           	391E	0000	64

/opt/microchip/xc8/v2.31/pic/sources/c99/common/abs.c estimated size: 64

/opt/microchip/xc8/v2.31/pic/sources/c99/common/atoi.c
		_atoi          		CODE           	24A2	0000	504

/opt/microchip/xc8/v2.31/pic/sources/c99/common/atoi.c estimated size: 504

/opt/microchip/xc8/v2.31/pic/sources/c99/common/nf_fputc.c
		_fputc         		CODE           	3218	0000	202

/opt/microchip/xc8/v2.31/pic/sources/c99/common/nf_fputc.c estimated size: 202

/opt/microchip/xc8/v2.31/pic/sources/c99/common/isdigit.c
		_isdigit       		CODE           	3A42	0000	56

/opt/microchip/xc8/v2.31/pic/sources/c99/common/isdigit.c estimated size: 56

/opt/microchip/xc8/v2.31/pic/sources/c99/common/strstr.c
		_strstr        		CODE           	33A4	0000	192

/opt/microchip/xc8/v2.31/pic/sources/c99/common/strstr.c estimated size: 192

/opt/microchip/xc8/v2.31/pic/sources/c99/common/putch.c
		_putch         		CODE           	3B18	0000	2

/opt/microchip/xc8/v2.31/pic/sources/c99/common/putch.c estimated size: 2

/opt/microchip/xc8/v2.31/pic/sources/c99/common/Umul16.c
		___wmul        		CODE           	3AB2	0000	38

/opt/microchip/xc8/v2.31/pic/sources/c99/common/Umul16.c estimated size: 38

/opt/microchip/xc8/v2.31/pic/sources/c99/common/lomod.c
		___lomod       		CODE           	3148	0000	208

/opt/microchip/xc8/v2.31/pic/sources/c99/common/lomod.c estimated size: 208

/opt/microchip/xc8/v2.31/pic/sources/c99/common/aomod.c
		___aomod       		CODE           	2D04	0000	356

/opt/microchip/xc8/v2.31/pic/sources/c99/common/aomod.c estimated size: 356

/opt/microchip/xc8/v2.31/pic/sources/c99/common/nf_sprintf.c
		_sprintf       		CODE           	36C4	0000	82

/opt/microchip/xc8/v2.31/pic/sources/c99/common/nf_sprintf.c estimated size: 82

shared
		__initialization		CODE           	3608	0000	80

shared estimated size: 80

/opt/microchip/xc8/v2.31/pic/sources/c99/common/islower.c
		_islower       		CODE           	39D2	0000	56

/opt/microchip/xc8/v2.31/pic/sources/c99/common/islower.c estimated size: 56

/opt/microchip/xc8/v2.31/pic/sources/c99/common/lodiv.c
		___lodiv       		CODE           	2F82	0000	240

/opt/microchip/xc8/v2.31/pic/sources/c99/common/lodiv.c estimated size: 240

/opt/microchip/xc8/v2.31/pic/sources/c99/common/isupper.c
		_isupper       		CODE           	3A0A	0000	56

/opt/microchip/xc8/v2.31/pic/sources/c99/common/isupper.c estimated size: 56

/opt/microchip/xc8/v2.31/pic/sources/c99/common/aodiv.c
		___aodiv       		CODE           	2884	0000	392

/opt/microchip/xc8/v2.31/pic/sources/c99/common/aodiv.c estimated size: 392

/opt/microchip/xc8/v2.31/pic/sources/c99/common/toupper.c
		_toupper       		CODE           	3666	0000	94

/opt/microchip/xc8/v2.31/pic/sources/c99/common/toupper.c estimated size: 94

/opt/microchip/xc8/v2.31/pic/sources/c99/common/nf_fputs.c
		_fputs         		CODE           	38DA	0000	68

/opt/microchip/xc8/v2.31/pic/sources/c99/common/nf_fputs.c estimated size: 68

/opt/microchip/xc8/v2.31/pic/sources/c99/common/strlen.c
		_strlen        		CODE           	3768	0000	78

/opt/microchip/xc8/v2.31/pic/sources/c99/common/strlen.c estimated size: 78

/opt/microchip/xc8/v2.31/pic/sources/c99/common/isspace.c
		_isspace       		CODE           	3716	0000	82

/opt/microchip/xc8/v2.31/pic/sources/c99/common/isspace.c estimated size: 82

/opt/microchip/xc8/v2.31/pic/sources/c99/common/strchr.c
		_strchr        		CODE           	37B6	0000	76

/opt/microchip/xc8/v2.31/pic/sources/c99/common/strchr.c estimated size: 76

main.c
		_get_action    		CODE           	3516	0000	144
		_USART_SendChar		CODE           	3AF2	0000	22
		_main          		CODE           	3464	0000	178
		_isr           		CODE           	0008	0000	82
		_dht_read      		CODE           	2054	0000	590
		_dht_read_bit  		CODE           	384E	0000	70
		_data_received 		CODE           	3A7A	0000	56
		_is_command    		CODE           	399A	0000	56
		_USART_SendString		CODE           	3894	0000	70
		_USART_Init    		CODE           	3AD8	0000	26

main.c estimated size: 1294

/opt/microchip/xc8/v2.31/pic/sources/c99/common/memset.c
		_memset        		CODE           	2B8E	0000	374

/opt/microchip/xc8/v2.31/pic/sources/c99/common/memset.c estimated size: 374

/opt/microchip/xc8/v2.31/pic/sources/c99/common/strncmp.c
		_strncmp       		CODE           	2E68	0000	282

/opt/microchip/xc8/v2.31/pic/sources/c99/common/strncmp.c estimated size: 282

